// Jest Snapshot v1, https://goo.gl/fbAQLP

exports[`About Snapshot test  1`] = `
<div
  className="basic-view"
>
  Created to kick start project easier.
</div>
`;
