// Jest Snapshot v1, https://goo.gl/fbAQLP

exports[`Home Snapshot test 1`] = `
<div
  className="basic-view"
>
  React starter kit
  <p>
    Dependencies added React DOM, React Router, Redux, SCSS.
  </p>
</div>
`;
